#-----------------------------------------------------------
# Vivado v2024.2 (64-bit)
# SW Build 5239630 on Fri Nov 08 22:35:27 MST 2024
# IP Build 5239520 on Sun Nov 10 16:12:51 MST 2024
# SharedData Build 5239561 on Fri Nov 08 14:39:27 MST 2024
# Start of session at: Wed Jan 15 11:59:42 2025
# Process ID         : 13524
# Current directory  : D:/ED/project_final/project_final.runs/synth_1
# Command line       : vivado.exe -log Comparator.vds -product Vivado -mode batch -messageDb vivado.pb -notrace -source Comparator.tcl
# Log file           : D:/ED/project_final/project_final.runs/synth_1/Comparator.vds
# Journal file       : D:/ED/project_final/project_final.runs/synth_1\vivado.jou
# Running On         : DESKTOP-JMIUPD7
# Platform           : Windows Server 2016 or Windows 10
# Operating System   : 19045
# Processor Detail   : Intel(R) Core(TM) i7-9700K CPU @ 3.60GHz
# CPU Frequency      : 3600 MHz
# CPU Physical cores : 8
# CPU Logical cores  : 8
# Host memory        : 34289 MB
# Swap memory        : 2147 MB
# Total Virtual      : 36437 MB
# Available Virtual  : 24358 MB
#-----------------------------------------------------------
source Comparator.tcl -notrace
